HOME  .
QUERY 3gcp_proa.orig_init
TEMPL 3gcp_proa.orig_build.pdb
RESIDUE     1 A  G     1  _    -     -  -
RESIDUE     2 A  S     2  _    -     -  -
RESIDUE     3 A  Q     3  _    -     -  -
RESIDUE     4 A  E     4  _    4     1  E
RESIDUE     5 A  R     5  _    5     2  R
RESIDUE     6 A  P     6  _    6     3  P
RESIDUE     7 A  T     7  _    7     4  T
RESIDUE     8 A  F     8  _    8     5  F
RESIDUE     9 A  Y     9  _    9     6  Y
RESIDUE    10 A  R    10  _   10     7  R
RESIDUE    11 A  Q    11  _   11     8  Q
RESIDUE    12 A  E    12  _   12     9  E
RESIDUE    13 A  L    13  _   13    10  L
RESIDUE    14 A  N    14  _   14    11  N
RESIDUE    15 A  K    15  _   15    12  K
RESIDUE    16 A  T    16  _   16    13  T
RESIDUE    17 A  I    17  _   17    14  I
RESIDUE    18 A  W    18  _   18    15  W
RESIDUE    19 A  E    19  _   19    16  E
RESIDUE    20 A  V    20  _   20    17  V
RESIDUE    21 A  P    21  _   21    18  P
RESIDUE    22 A  E    22  _   22    19  E
RESIDUE    23 A  R    23  _   23    20  R
RESIDUE    24 A  Y    24  _   24    21  Y
RESIDUE    25 A  Q    25  _   25    22  Q
RESIDUE    26 A  N    26  _   26    23  N
RESIDUE    27 A  L    27  _   27    24  L
RESIDUE    28 A  S    28  _   28    25  S
RESIDUE    29 A  P    29  _   29    26  P
RESIDUE    30 A  V    30  _   30    27  V
RESIDUE    31 A  G    31  _   31    28  G
RESIDUE    32 A  S    32  _   32    29  S
RESIDUE    33 A  G    33  _   33    30  G
RESIDUE    34 A  A    34  _   34    31  A
RESIDUE    35 A  Y    35  _   35    32  Y
RESIDUE    36 A  G    36  _   36    33  G
RESIDUE    37 A  S    37  _   37    34  S
RESIDUE    38 A  V    38  _   38    35  V
RESIDUE    39 A  C    39  _   39    36  C
RESIDUE    40 A  A    40  _   40    37  A
RESIDUE    41 A  A    41  _   41    38  A
RESIDUE    42 A  F    42  _   42    39  F
RESIDUE    43 A  D    43  _   43    40  D
RESIDUE    44 A  T    44  _   44    41  T
RESIDUE    45 A  K    45  _   45    42  K
RESIDUE    46 A  T    46  _   46    43  T
RESIDUE    47 A  G    47  _   47    44  G
RESIDUE    48 A  L    48  _   48    45  L
RESIDUE    49 A  R    49  _   49    46  R
RESIDUE    50 A  V    50  _   50    47  V
RESIDUE    51 A  A    51  _   51    48  A
RESIDUE    52 A  V    52  _   52    49  V
RESIDUE    53 A  K    53  _   53    50  K
RESIDUE    54 A  K    54  _   54    51  K
RESIDUE    55 A  L    55  _   55    52  L
RESIDUE    56 A  S    56  _   56    53  S
RESIDUE    57 A  R    57  _   57    54  R
RESIDUE    58 A  P    58  _   58    55  P
RESIDUE    59 A  F    59  _   59    56  F
RESIDUE    60 A  Q    60  _   60    57  Q
RESIDUE    61 A  S    61  _   61    58  S
RESIDUE    62 A  I    62  _   62    59  I
RESIDUE    63 A  I    63  _   63    60  I
RESIDUE    64 A  H    64  _   64    61  H
RESIDUE    65 A  A    65  _   65    62  A
RESIDUE    66 A  K    66  _   66    63  K
RESIDUE    67 A  R    67  _   67    64  R
RESIDUE    68 A  T    68  _   68    65  T
RESIDUE    69 A  Y    69  _   69    66  Y
RESIDUE    70 A  R    70  _   70    67  R
RESIDUE    71 A  E    71  _   71    68  E
RESIDUE    72 A  L    72  _   72    69  L
RESIDUE    73 A  R    73  _   73    70  R
RESIDUE    74 A  L    74  _   74    71  L
RESIDUE    75 A  L    75  _   75    72  L
RESIDUE    76 A  K    76  _   76    73  K
RESIDUE    77 A  H    77  _   77    74  H
RESIDUE    78 A  M    78  _   78    75  M
RESIDUE    79 A  K    79  _   79    76  K
RESIDUE    80 A  H    80  _   80    77  H
RESIDUE    81 A  E    81  _   81    78  E
RESIDUE    82 A  N    82  _   82    79  N
RESIDUE    83 A  V    83  _   83    80  V
RESIDUE    84 A  I    84  _   84    81  I
RESIDUE    85 A  G    85  _   85    82  G
RESIDUE    86 A  L    86  _   86    83  L
RESIDUE    87 A  L    87  _   87    84  L
RESIDUE    88 A  D    88  _   88    85  D
RESIDUE    89 A  V    89  _   89    86  V
RESIDUE    90 A  F    90  _   90    87  F
RESIDUE    91 A  T    91  _   91    88  T
RESIDUE    92 A  P    92  _   92    89  P
RESIDUE    93 A  A    93  _   93    90  A
RESIDUE    94 A  R    94  _   94    91  R
RESIDUE    95 A  S    95  _   95    92  S
RESIDUE    96 A  L    96  _   96    93  L
RESIDUE    97 A  E    97  _   97    94  E
RESIDUE    98 A  E    98  _   98    95  E
RESIDUE    99 A  F    99  _   99    96  F
RESIDUE   100 A  N   100  _  100    97  N
RESIDUE   101 A  D   101  _  101    98  D
RESIDUE   102 A  V   102  _  102    99  V
RESIDUE   103 A  Y   103  _  103   100  Y
RESIDUE   104 A  L   104  _  104   101  L
RESIDUE   105 A  V   105  _  105   102  V
RESIDUE   106 A  T   106  _  106   103  T
RESIDUE   107 A  H   107  _  107   104  H
RESIDUE   108 A  L   108  _  108   105  L
RESIDUE   109 A  M   109  _  109   106  M
RESIDUE   110 A  G   110  _  110   107  G
RESIDUE   111 A  A   111  _  111   108  A
RESIDUE   112 A  D   112  _  112   109  D
RESIDUE   113 A  L   113  _  113   110  L
RESIDUE   114 A  N   114  _  114   111  N
RESIDUE   115 A  N   115  _  115   112  N
RESIDUE   116 A  I   116  _  116   113  I
RESIDUE   117 A  V   117  _  117   114  V
RESIDUE   118 A  K   118  _  118   115  K
RESIDUE   119 A  S   119  _  119   116  S
RESIDUE   120 A  Q   120  _  120   117  Q
RESIDUE   121 A  K   121  _  121   118  K
RESIDUE   122 A  L   122  _  122   119  L
RESIDUE   123 A  T   123  _  123   120  T
RESIDUE   124 A  D   124  _  124   121  D
RESIDUE   125 A  D   125  _  125   122  D
RESIDUE   126 A  H   126  _  126   123  H
RESIDUE   127 A  V   127  _  127   124  V
RESIDUE   128 A  Q   128  _  128   125  Q
RESIDUE   129 A  F   129  _  129   126  F
RESIDUE   130 A  L   130  _  130   127  L
RESIDUE   131 A  I   131  _  131   128  I
RESIDUE   132 A  Y   132  _  132   129  Y
RESIDUE   133 A  Q   133  _  133   130  Q
RESIDUE   134 A  I   134  _  134   131  I
RESIDUE   135 A  L   135  _  135   132  L
RESIDUE   136 A  R   136  _  136   133  R
RESIDUE   137 A  G   137  _  137   134  G
RESIDUE   138 A  L   138  _  138   135  L
RESIDUE   139 A  K   139  _  139   136  K
RESIDUE   140 A  Y   140  _  140   137  Y
RESIDUE   141 A  I   141  _  141   138  I
RESIDUE   142 A  H   142  _  142   139  H
RESIDUE   143 A  S   143  _  143   140  S
RESIDUE   144 A  A   144  _  144   141  A
RESIDUE   145 A  D   145  _  145   142  D
RESIDUE   146 A  I   146  _  146   143  I
RESIDUE   147 A  I   147  _  147   144  I
RESIDUE   148 A  H   148  _  148   145  H
RESIDUE   149 A  R   149  _  149   146  R
RESIDUE   150 A  D   150  _  150   147  D
RESIDUE   151 A  L   151  _  151   148  L
RESIDUE   152 A  K   152  _  152   149  K
RESIDUE   153 A  P   153  _  153   150  P
RESIDUE   154 A  S   154  _  154   151  S
RESIDUE   155 A  N   155  _  155   152  N
RESIDUE   156 A  L   156  _  156   153  L
RESIDUE   157 A  A   157  _  157   154  A
RESIDUE   158 A  V   158  _  158   155  V
RESIDUE   159 A  N   159  _  159   156  N
RESIDUE   160 A  E   160  _  160   157  E
RESIDUE   161 A  D   161  _  161   158  D
RESIDUE   162 A  S   162  _  162   159  S
RESIDUE   163 A  E   163  _  163   160  E
RESIDUE   164 A  L   164  _  164   161  L
RESIDUE   165 A  K   165  _  165   162  K
RESIDUE   166 A  I   166  _  166   163  I
RESIDUE   167 A  L   167  _  167   164  L
RESIDUE   168 A  D   168  _  168   165  D
RESIDUE   169 A  F   169  _  169   166  F
RESIDUE   170 A  G   170  _  170   167  G
RESIDUE   171 A  L   171  _  171   168  L
RESIDUE   172 A  C   172  _  172   169  C
RESIDUE   173 A  R   173  _    -     -  -
RESIDUE   174 A  H   174  _    -     -  -
RESIDUE   175 A  T   175  _    -     -  -
RESIDUE   176 A  D   176  _    -     -  -
RESIDUE   177 A  D   177  _    -     -  -
RESIDUE   178 A  E   178  _    -     -  -
RESIDUE   179 A  M   179  _    -     -  -
RESIDUE   180 A  T   180  _    -     -  -
RESIDUE   181 A  G   181  _    -     -  -
RESIDUE   182 A  Y   182  _    -     -  -
RESIDUE   183 A  V   183  _    -     -  -
RESIDUE   184 A  A   184  _    -     -  -
RESIDUE   185 A  T   185  _  185   171  T
RESIDUE   186 A  R   186  _  186   172  R
RESIDUE   187 A  W   187  _  187   173  W
RESIDUE   188 A  Y   188  _  188   174  Y
RESIDUE   189 A  R   189  _  189   175  R
RESIDUE   190 A  A   190  _  190   176  A
RESIDUE   191 A  P   191  _  191   177  P
RESIDUE   192 A  E   192  _  192   178  E
RESIDUE   193 A  I   193  _  193   179  I
RESIDUE   194 A  M   194  _  194   180  M
RESIDUE   195 A  L   195  _  195   181  L
RESIDUE   196 A  N   196  _  196   182  N
RESIDUE   197 A  W   197  _  197   183  W
RESIDUE   198 A  M   198  _  198   184  M
RESIDUE   199 A  H   199  _  199   185  H
RESIDUE   200 A  Y   200  _  200   186  Y
RESIDUE   201 A  N   201  _  201   187  N
RESIDUE   202 A  Q   202  _  202   188  Q
RESIDUE   203 A  T   203  _  203   189  T
RESIDUE   204 A  V   204  _  204   190  V
RESIDUE   205 A  D   205  _  205   191  D
RESIDUE   206 A  I   206  _  206   192  I
RESIDUE   207 A  W   207  _  207   193  W
RESIDUE   208 A  S   208  _  208   194  S
RESIDUE   209 A  V   209  _  209   195  V
RESIDUE   210 A  G   210  _  210   196  G
RESIDUE   211 A  C   211  _  211   197  C
RESIDUE   212 A  I   212  _  212   198  I
RESIDUE   213 A  M   213  _  213   199  M
RESIDUE   214 A  A   214  _  214   200  A
RESIDUE   215 A  E   215  _  215   201  E
RESIDUE   216 A  L   216  _  216   202  L
RESIDUE   217 A  L   217  _  217   203  L
RESIDUE   218 A  T   218  _  218   204  T
RESIDUE   219 A  G   219  _  219   205  G
RESIDUE   220 A  R   220  _  220   206  R
RESIDUE   221 A  T   221  _  221   207  T
RESIDUE   222 A  L   222  _  222   208  L
RESIDUE   223 A  F   223  _  223   209  F
RESIDUE   224 A  P   224  _  224   210  P
RESIDUE   225 A  G   225  _  225   211  G
RESIDUE   226 A  T   226  _  226   212  T
RESIDUE   227 A  D   227  _  227   213  D
RESIDUE   228 A  H   228  _  228   214  H
RESIDUE   229 A  I   229  _  229   215  I
RESIDUE   230 A  D   230  _  230   216  D
RESIDUE   231 A  Q   231  _  231   217  Q
RESIDUE   232 A  L   232  _  232   218  L
RESIDUE   233 A  K   233  _  233   219  K
RESIDUE   234 A  L   234  _  234   220  L
RESIDUE   235 A  I   235  _  235   221  I
RESIDUE   236 A  L   236  _  236   222  L
RESIDUE   237 A  R   237  _  237   223  R
RESIDUE   238 A  L   238  _  238   224  L
RESIDUE   239 A  V   239  _  239   225  V
RESIDUE   240 A  G   240  _  240   226  G
RESIDUE   241 A  T   241  _  241   227  T
RESIDUE   242 A  P   242  _  242   228  P
RESIDUE   243 A  G   243  _  243   229  G
RESIDUE   244 A  A   244  _  244   230  A
RESIDUE   245 A  E   245  _  245   231  E
RESIDUE   246 A  L   246  _  246   232  L
RESIDUE   247 A  L   247  _  247   233  L
RESIDUE   248 A  K   248  _  248   234  K
RESIDUE   249 A  K   249  _  249   235  K
RESIDUE   250 A  I   250  _  250   236  I
RESIDUE   251 A  S   251  _  251   237  S
RESIDUE   252 A  S   252  _  252   238  S
RESIDUE   253 A  E   253  _  253   239  E
RESIDUE   254 A  S   254  _  254   240  S
RESIDUE   255 A  A   255  _  255   241  A
RESIDUE   256 A  R   256  _  256   242  R
RESIDUE   257 A  N   257  _  257   243  N
RESIDUE   258 A  Y   258  _  258   244  Y
RESIDUE   259 A  I   259  _  259   245  I
RESIDUE   260 A  Q   260  _  260   246  Q
RESIDUE   261 A  S   261  _  261   247  S
RESIDUE   262 A  L   262  _  262   248  L
RESIDUE   263 A  T   263  _  263   249  T
RESIDUE   264 A  Q   264  _  264   250  Q
RESIDUE   265 A  M   265  _  265   251  M
RESIDUE   266 A  P   266  _  266   252  P
RESIDUE   267 A  K   267  _  267   253  K
RESIDUE   268 A  M   268  _  268   254  M
RESIDUE   269 A  N   269  _  269   255  N
RESIDUE   270 A  F   270  _  270   256  F
RESIDUE   271 A  A   271  _  271   257  A
RESIDUE   272 A  N   272  _  272   258  N
RESIDUE   273 A  V   273  _  273   259  V
RESIDUE   274 A  F   274  _  274   260  F
RESIDUE   275 A  I   275  _  275   261  I
RESIDUE   276 A  G   276  _  276   262  G
RESIDUE   277 A  A   277  _  277   263  A
RESIDUE   278 A  N   278  _  278   264  N
RESIDUE   279 A  P   279  _  279   265  P
RESIDUE   280 A  L   280  _  280   266  L
RESIDUE   281 A  A   281  _  281   267  A
RESIDUE   282 A  V   282  _  282   268  V
RESIDUE   283 A  D   283  _  283   269  D
RESIDUE   284 A  L   284  _  284   270  L
RESIDUE   285 A  L   285  _  285   271  L
RESIDUE   286 A  E   286  _  286   272  E
RESIDUE   287 A  K   287  _  287   273  K
RESIDUE   288 A  M   288  _  288   274  M
RESIDUE   289 A  L   289  _  289   275  L
RESIDUE   290 A  V   290  _  290   276  V
RESIDUE   291 A  L   291  _  291   277  L
RESIDUE   292 A  D   292  _  292   278  D
RESIDUE   293 A  S   293  _  293   279  S
RESIDUE   294 A  D   294  _  294   280  D
RESIDUE   295 A  K   295  _  295   281  K
RESIDUE   296 A  R   296  _  296   282  R
RESIDUE   297 A  I   297  _  297   283  I
RESIDUE   298 A  T   298  _  298   284  T
RESIDUE   299 A  A   299  _  299   285  A
RESIDUE   300 A  A   300  _  300   286  A
RESIDUE   301 A  Q   301  _  301   287  Q
RESIDUE   302 A  A   302  _  302   288  A
RESIDUE   303 A  L   303  _  303   289  L
RESIDUE   304 A  A   304  _  304   290  A
RESIDUE   305 A  H   305  _  305   291  H
RESIDUE   306 A  A   306  _  306   292  A
RESIDUE   307 A  Y   307  _  307   293  Y
RESIDUE   308 A  F   308  _  308   294  F
RESIDUE   309 A  A   309  _  309   295  A
RESIDUE   310 A  Q   310  _  310   296  Q
RESIDUE   311 A  Y   311  _  311   297  Y
RESIDUE   312 A  H   312  _  312   298  H
RESIDUE   313 A  D   313  _  313   299  D
RESIDUE   314 A  P   314  _  314   300  P
RESIDUE   315 A  D   315  _  315   301  D
RESIDUE   316 A  D   316  _  316   302  D
RESIDUE   317 A  E   317  _  317   303  E
RESIDUE   318 A  P   318  _  318   304  P
RESIDUE   319 A  V   319  _  319   305  V
RESIDUE   320 A  A   320  _  320   306  A
RESIDUE   321 A  D   321  _  321   307  D
RESIDUE   322 A  P   322  _  322   308  P
RESIDUE   323 A  Y   323  _  323   309  Y
RESIDUE   324 A  D   324  _  324   310  D
RESIDUE   325 A  Q   325  _  325   311  Q
RESIDUE   326 A  S   326  _  326   312  S
RESIDUE   327 A  L   327  _  327   313  L
RESIDUE   328 A  E   328  _  328   314  E
RESIDUE   329 A  S   329  _  329   315  S
RESIDUE   330 A  R   330  _  330   316  R
RESIDUE   331 A  D   331  _  331   317  D
RESIDUE   332 A  L   332  _  332   318  L
RESIDUE   333 A  L   333  _  333   319  L
RESIDUE   334 A  I   334  _  334   320  I
RESIDUE   335 A  D   335  _  335   321  D
RESIDUE   336 A  E   336  _  336   322  E
RESIDUE   337 A  W   337  _  337   323  W
RESIDUE   338 A  K   338  _  338   324  K
RESIDUE   339 A  S   339  _  339   325  S
RESIDUE   340 A  L   340  _  340   326  L
RESIDUE   341 A  T   341  _  341   327  T
RESIDUE   342 A  Y   342  _  342   328  Y
RESIDUE   343 A  D   343  _  343   329  D
RESIDUE   344 A  E   344  _  344   330  E
RESIDUE   345 A  V   345  _  345   331  V
RESIDUE   346 A  I   346  _  346   332  I
RESIDUE   347 A  S   347  _  347   333  S
RESIDUE   348 A  F   348  _  348   334  F
RESIDUE   349 A  V   349  _  349   335  V
RESIDUE   350 A  P   350  _  350   336  P
RESIDUE   351 A  P   351  _  351   337  P
RESIDUE   352 A  P   352  _  352   338  P
RESIDUE   353 A  L   353  _    -     -  -
RESIDUE   354 A  D   354  _    -     -  -
RESIDUE   355 A  Q   355  _    -     -  -
RESIDUE   356 A  E   356  _    -     -  -
RESIDUE   357 A  E   357  _    -     -  -
RESIDUE   358 A  M   358  _    -     -  -
RESIDUE   359 A  E   359  _    -     -  -
RESIDUE   360 A  S   360  _    -     -  -
TER
END
